﻿
> portfolio@0.0.0 build
> vite build

[36mvite v7.3.1 [32mbuilding client environment for production...[36m[39m
transforming...
[32mΓ£ô[39m 437 modules transformed.
node.exe : [31mΓ£ù[39m 
Build failed in 1.41s
At line:1 char:1
+ & "C:\Program 
Files\nodejs/node.exe" 
"C:\Program 
Files\nodejs/node_mo ...
+ ~~~~~~~~~~~~~~~~~~~~~~~~~
~~~~~~~~~~~~~~~~~~~~~~~~~~~
~~~~~~~~~~~~~~~~~
    + CategoryInfo         
     : NotSpecified: ([3  
  1mΓ£ù[39m Build faile   
 d in 1.41s:String) [],    
 RemoteException
    + FullyQualifiedErrorI 
   d : NativeCommandError
 
[31merror during build:
[31msrc/components/Contact
.jsx (2:23): "EDUCATION" 
is not exported by 
"src/constants/index.js", 
imported by "src/components
/Contact.jsx".[31m
file: [36mC:/Users/asus 2/
portfolio/src/components/Co
ntact.jsx:2:23[31m
[33m
1: import React, { 
useState } from 'react';
2: import { CONTACT_INFO, 
EDUCATION } from 
'../constants';
                          ^
3: import { motion, 
AnimatePresence } from 
'framer-motion';
[31m
    at getRollupError (file
:///C:/Users/asus%202/portf
olio/node_modules/rollup/di
st/es/shared/parseAst.js:40
0:41)
    at error (file:///C:/Us
ers/asus%202/portfolio/node
_modules/rollup/dist/es/sha
red/parseAst.js:396:42)
    at Module.error (file:/
//C:/Users/asus%202/portfol
io/node_modules/rollup/dist
/es/shared/node-entry.js:17
036:16)
    at 
Module.traceVariable (file:
///C:/Users/asus%202/portfo
lio/node_modules/rollup/dis
t/es/shared/node-entry.js:1
7448:29)
    at 
ModuleScope.findVariable (f
ile:///C:/Users/asus%202/po
rtfolio/node_modules/rollup
/dist/es/shared/node-entry.
js:15066:39)
    at ReturnValueScope.fin
dVariable (file:///C:/Users
/asus%202/portfolio/node_mo
dules/rollup/dist/es/shared
/node-entry.js:5673:38)
    at FunctionBodyScope.fi
ndVariable (file:///C:/User
s/asus%202/portfolio/node_m
odules/rollup/dist/es/share
d/node-entry.js:5673:38)
    at 
MemberExpression.bind (file
:///C:/Users/asus%202/portf
olio/node_modules/rollup/di
st/es/shared/node-entry.js:
7392:49)
    at CallExpression.bind 
(file:///C:/Users/asus%202/
portfolio/node_modules/roll
up/dist/es/shared/node-entr
y.js:2829:23)
    at CallExpression.bind 
(file:///C:/Users/asus%202/
portfolio/node_modules/roll
up/dist/es/shared/node-entr
y.js:12179:15)[39m
